OpenJDK 64-Bit Server VM warning: Sharing is only supported for boot loader classes because bootstrap classpath has been appended
WARNING: A terminally deprecated method in sun.misc.Unsafe has been called
WARNING: sun.misc.Unsafe::arrayBaseOffset has been called by com.code_intelligence.jazzer.driver.FuzzTargetRunner (file:/github/workspace/build-out/jazzer_agent_deploy.jar)
WARNING: Please consider reporting this to the maintainers of class com.code_intelligence.jazzer.driver.FuzzTargetRunner
WARNING: sun.misc.Unsafe::arrayBaseOffset will be removed in a future release
WARNING: A restricted method in java.lang.System has been called
WARNING: java.lang.System::load has been called by com.code_intelligence.jazzer.third_party.com.github.fmeum.rules_jni.RulesJni in an unnamed module (file:/github/workspace/build-out/jazzer_agent_deploy.jar)
WARNING: Use --enable-native-access=ALL-UNNAMED to avoid a warning for callers in this module
WARNING: Restricted methods will be blocked in a future release unless native access is enabled

INFO: using inputs from: /github/workspace/build-out/dummy_corpus_dir_for_TrelloChecklistClassifierFuzzer
INFO: using inputs from: /github/workspace/cifuzz-corpus/TrelloChecklistClassifierFuzzer
INFO: found LLVMFuzzerCustomMutator (0x7f1307f71ab0). Disabling -len_control by default.
INFO: libFuzzer ignores flags that start with '--'
INFO: Running with entropic power schedule (0xFF, 100).
INFO: Seed: 280611450
MERGE-OUTER: 190 files, 0 in the initial corpus, 0 processed earlier
MERGE-OUTER: attempt 1
OpenJDK 64-Bit Server VM warning: Sharing is only supported for boot loader classes because bootstrap classpath has been appended
WARNING: A terminally deprecated method in sun.misc.Unsafe has been called
WARNING: sun.misc.Unsafe::arrayBaseOffset has been called by com.code_intelligence.jazzer.driver.FuzzTargetRunner (file:/github/workspace/build-out/jazzer_agent_deploy.jar)
WARNING: Please consider reporting this to the maintainers of class com.code_intelligence.jazzer.driver.FuzzTargetRunner
WARNING: sun.misc.Unsafe::arrayBaseOffset will be removed in a future release
WARNING: A restricted method in java.lang.System has been called
WARNING: java.lang.System::load has been called by com.code_intelligence.jazzer.third_party.com.github.fmeum.rules_jni.RulesJni in an unnamed module (file:/github/workspace/build-out/jazzer_agent_deploy.jar)
WARNING: Use --enable-native-access=ALL-UNNAMED to avoid a warning for callers in this module
WARNING: Restricted methods will be blocked in a future release unless native access is enabled

INFO: using inputs from: /github/workspace/build-out/dummy_corpus_dir_for_TrelloChecklistClassifierFuzzer
INFO: using inputs from: /github/workspace/cifuzz-corpus/TrelloChecklistClassifierFuzzer
INFO: found LLVMFuzzerCustomMutator (0x7f235885aab0). Disabling -len_control by default.
INFO: libFuzzer ignores flags that start with '--'
INFO: Running with entropic power schedule (0xFF, 100).
INFO: Seed: 16171149
INFO: -max_len is not provided; libFuzzer will not generate inputs larger than 1048576 bytes
MERGE-INNER: using the control file '/tmp/libFuzzerTemp.Merge334.txt'
MERGE-INNER: 190 total files; 0 processed earlier; will process 190 files now
#1	pulse  exec/s: 0 rss: 176Mb
#2	pulse  exec/s: 0 rss: 177Mb
#4	pulse  exec/s: 0 rss: 177Mb
#8	pulse  exec/s: 0 rss: 177Mb
#16	pulse  exec/s: 0 rss: 177Mb
#32	pulse  exec/s: 0 rss: 177Mb
#64	pulse  exec/s: 0 rss: 177Mb
#128	pulse  exec/s: 0 rss: 177Mb
#190	DONE   exec/s: 0 rss: 178Mb
MERGE-OUTER: successful in 1 attempt(s)
MERGE-OUTER: the control file has 25417 bytes
MERGE-OUTER: consumed 0Mb (173Mb rss) to parse the control file
MERGE-OUTER: 0 new files with 0 new features added; 0 new coverage edges
