OpenJDK 64-Bit Server VM warning: Sharing is only supported for boot loader classes because bootstrap classpath has been appended
WARNING: A terminally deprecated method in sun.misc.Unsafe has been called
WARNING: sun.misc.Unsafe::arrayBaseOffset has been called by com.code_intelligence.jazzer.driver.FuzzTargetRunner (file:/github/workspace/build-out/jazzer_agent_deploy.jar)
WARNING: Please consider reporting this to the maintainers of class com.code_intelligence.jazzer.driver.FuzzTargetRunner
WARNING: sun.misc.Unsafe::arrayBaseOffset will be removed in a future release
WARNING: A restricted method in java.lang.System has been called
WARNING: java.lang.System::load has been called by com.code_intelligence.jazzer.third_party.com.github.fmeum.rules_jni.RulesJni in an unnamed module (file:/github/workspace/build-out/jazzer_agent_deploy.jar)
WARNING: Use --enable-native-access=ALL-UNNAMED to avoid a warning for callers in this module
WARNING: Restricted methods will be blocked in a future release unless native access is enabled

INFO: using inputs from: /github/workspace/build-out/dummy_corpus_dir_for_WorkflowLoaderFuzzer
INFO: using inputs from: /github/workspace/cifuzz-corpus/WorkflowLoaderFuzzer
INFO: found LLVMFuzzerCustomMutator (0x7ff08710cab0). Disabling -len_control by default.
INFO: libFuzzer ignores flags that start with '--'
INFO: Running with entropic power schedule (0xFF, 100).
INFO: Seed: 3078028532
MERGE-OUTER: 2202 files, 0 in the initial corpus, 0 processed earlier
MERGE-OUTER: attempt 1
OpenJDK 64-Bit Server VM warning: Sharing is only supported for boot loader classes because bootstrap classpath has been appended
WARNING: A terminally deprecated method in sun.misc.Unsafe has been called
WARNING: sun.misc.Unsafe::arrayBaseOffset has been called by com.code_intelligence.jazzer.driver.FuzzTargetRunner (file:/github/workspace/build-out/jazzer_agent_deploy.jar)
WARNING: Please consider reporting this to the maintainers of class com.code_intelligence.jazzer.driver.FuzzTargetRunner
WARNING: sun.misc.Unsafe::arrayBaseOffset will be removed in a future release
WARNING: A restricted method in java.lang.System has been called
WARNING: java.lang.System::load has been called by com.code_intelligence.jazzer.third_party.com.github.fmeum.rules_jni.RulesJni in an unnamed module (file:/github/workspace/build-out/jazzer_agent_deploy.jar)
WARNING: Use --enable-native-access=ALL-UNNAMED to avoid a warning for callers in this module
WARNING: Restricted methods will be blocked in a future release unless native access is enabled

INFO: using inputs from: /github/workspace/build-out/dummy_corpus_dir_for_WorkflowLoaderFuzzer
INFO: using inputs from: /github/workspace/cifuzz-corpus/WorkflowLoaderFuzzer
INFO: found LLVMFuzzerCustomMutator (0x7f2ebc95bab0). Disabling -len_control by default.
INFO: libFuzzer ignores flags that start with '--'
INFO: Running with entropic power schedule (0xFF, 100).
INFO: Seed: 3454714313
INFO: -max_len is not provided; libFuzzer will not generate inputs larger than 1048576 bytes
MERGE-INNER: using the control file '/tmp/libFuzzerTemp.Merge186.txt'
MERGE-INNER: 2202 total files; 0 processed earlier; will process 2202 files now
#1	pulse  exec/s: 1 rss: 211Mb
#2	pulse  exec/s: 2 rss: 211Mb
#4	pulse  exec/s: 4 rss: 211Mb
#8	pulse  exec/s: 8 rss: 213Mb
#16	pulse  exec/s: 16 rss: 213Mb
#32	pulse  exec/s: 16 rss: 213Mb
#64	pulse  exec/s: 32 rss: 213Mb
#128	pulse  exec/s: 64 rss: 214Mb
#256	pulse  exec/s: 128 rss: 214Mb
#512	pulse  exec/s: 256 rss: 222Mb
#1024	pulse  exec/s: 341 rss: 223Mb
#2048	pulse  exec/s: 682 rss: 265Mb
#2202	DONE   exec/s: 550 rss: 295Mb
MERGE-OUTER: successful in 1 attempt(s)
MERGE-OUTER: the control file has 277475 bytes
MERGE-OUTER: consumed 0Mb (174Mb rss) to parse the control file
MERGE-OUTER: 0 new files with 0 new features added; 0 new coverage edges
